// Jest Snapshot v1, https://goo.gl/fbAQLP

exports[`Person Page component It renders correctly with response Success 1`] = `
[
  <h1
    className="css-1yltisf"
  >
    Luke Skywalker
  </h1>,
  <h2>
    Birth year: 
    19BBY
  </h2>,
  <h2>
    List of producers the person has worked with and how many times.
  </h2>,
  <a
    href="/"
    onClick={[Function]}
  >
    <button
      className="css-g0id1a"
    >
      Back
    </button>
  </a>,
]
`;

exports[`Person Page component it is fetching with Response error 1`] = `
<p>
  [Network] something went wrong!
</p>
`;
