// Jest Snapshot v1, https://goo.gl/fbAQLP

exports[`Person Page component It renders correctly with response Success 1`] = `
[
  <h1
    className="css-mj9wkl"
  >
    Luke Skywalker
  </h1>,
  <p>
    <small>
      Birth year:
    </small>
     
    19BBY
  </p>,
  <p>
    List of producers the person has worked with and how many times.
  </p>,
  <p>
    Gary Kurtz
    : 
    2
  </p>,
  <p>
    George Lucas
    : 
    1
  </p>,
  <p>
    Howard G. Kazanjian
    : 
    1
  </p>,
  <p>
    Rick McCallum
    : 
    4
  </p>,
  <span
    className="css-10pwxnt"
  >
    <a
      href="/"
      onClick={[Function]}
    >
      Back
    </a>
  </span>,
]
`;

exports[`Person Page component it is fetching with Response error 1`] = `
<p>
  [Network] something went wrong!
</p>
`;
