// Jest Snapshot v1, https://goo.gl/fbAQLP

exports[`PersonFilms component renders correctly 1`] = `
<div>
  <div
    class="css-8qcg57"
  >
    <h3>
      mockFilm1
    </h3>
    <p>
      <small>
        Release date: 
      </small>
      mockReleaseDate1
    </p>
    <p>
      Number of planets without water in the film: 
      0
    </p>
  </div>
  <div
    class="css-lk48ot"
  >
    <a
      class="hidden css-9w870c"
      data-testid="films-prev"
    >
      Prev
    </a>
    <a
      class=" css-9w870c"
      data-testid="films-next"
    >
      Next
    </a>
  </div>
</div>
`;
