// Jest Snapshot v1, https://goo.gl/fbAQLP

exports[`PersonFilms component renders correctly 1`] = `
[
  <div
    className="css-8qcg57"
  >
    <h3>
      A New Hope
    </h3>
    <p>
      <small>
        Release date: 
      </small>
      1977-05-25
    </p>
    <p>
      Number of planets without water in the film: 
      0
    </p>
  </div>,
  <div
    className="css-2g5sox"
  >
    <a
      className="hidden css-34vzbs"
      onClick={[Function]}
    >
      Prev
    </a>
    <a
      className=" css-34vzbs"
      onClick={[Function]}
    >
      Next
    </a>
  </div>,
]
`;
